// Jest Snapshot v1, https://goo.gl/fbAQLP

exports[`<CenterView /> should renders correctly 1`] = `
<View
  style={
    Array [
      Object {
        "alignItems": "center",
        "flex": 1,
        "justifyContent": "center",
      },
      undefined,
    ]
  }
>
  <Text
    accessible={true}
    allowFontScaling={true}
    ellipsizeMode="tail"
  >
    Hello World
  </Text>
</View>
`;
